// Jest Snapshot v1, https://goo.gl/fbAQLP

exports[`<Signup/> renders and matches snapshot 1`] = `
<form
  className="sc-bwzfXH ipuXRf"
  method="post"
  onSubmit={[Function]}
>
  <fieldset
    aria-busy={false}
    disabled={false}
  >
    <h2>
      Sign Up for An Account
    </h2>
    <ErrorMessage
      error={Object {}}
    />
    <label
      htmlFor="Institution"
    >
      Institution
      <Query
        query={
          Object {
            "definitions": Array [
              Object {
                "directives": Array [],
                "kind": "OperationDefinition",
                "name": Object {
                  "kind": "Name",
                  "value": "INSTITUTIONS_QUERY",
                },
                "operation": "query",
                "selectionSet": Object {
                  "kind": "SelectionSet",
                  "selections": Array [
                    Object {
                      "alias": undefined,
                      "arguments": Array [],
                      "directives": Array [],
                      "kind": "Field",
                      "name": Object {
                        "kind": "Name",
                        "value": "institutions",
                      },
                      "selectionSet": Object {
                        "kind": "SelectionSet",
                        "selections": Array [
                          Object {
                            "alias": undefined,
                            "arguments": Array [],
                            "directives": Array [],
                            "kind": "Field",
                            "name": Object {
                              "kind": "Name",
                              "value": "id",
                            },
                            "selectionSet": undefined,
                          },
                          Object {
                            "alias": undefined,
                            "arguments": Array [],
                            "directives": Array [],
                            "kind": "Field",
                            "name": Object {
                              "kind": "Name",
                              "value": "name",
                            },
                            "selectionSet": undefined,
                          },
                        ],
                      },
                    },
                  ],
                },
                "variableDefinitions": Array [],
              },
            ],
            "kind": "Document",
            "loc": Object {
              "end": 79,
              "start": 0,
            },
          }
        }
      >
        <p>
          Loading...
        </p>
      </Query>
    </label>
    <label
      htmlFor="email"
    >
      Email
      <input
        name="email"
        onChange={[Function]}
        placeholder="email"
        required={true}
        type="email"
        value=""
      />
    </label>
    <label
      htmlFor="name"
    >
      Name
      <input
        name="name"
        onChange={[Function]}
        placeholder="name"
        required={true}
        type="text"
        value=""
      />
    </label>
    <label
      htmlFor="password"
    >
      Password
      <input
        name="password"
        onChange={[Function]}
        placeholder="password"
        required={true}
        type="password"
        value=""
      />
    </label>
    <button
      type="submit"
    >
      Sign Up!
    </button>
  </fieldset>
</form>
`;
